1
0
1
ASSEMBLY
1
PART-1-1
PART-1
1
PART-1-1
14
-2147483646
0
48 1 16 5 0 1 0 -1 -1 34507 1 -1879048189 2 34507 
14
48 1 16 5 0 1 0 -1 -1 34507 1 -1879048189 1 34507 
1
1 34508
-2147483647
1
PART-1-1
14
-2147483646
0
48 1 16 5 0 1 0 -1 -1 101556 1 -1879048189 1 101556 
14
48 1 16 5 0 1 0 -1 -1 101556 1 -1879048189 1 101556 
0
1
UMATELEM
0
1
0
1
PART-1-1
14
-2147483647
48 1 16 5 0 1 0 -1 -1 33852 1 -1879048189 67705 33852 
0
1
PART-1-1
3
PLATE
0
1
14
-2147483647
48 1 16 5 0 1 0 -1 -1 33852 1 -1879048189 1 33852 
0
0
PLATE_SS
0
1
14
-2147483647
48 1 16 5 0 1 0 -1 -1 33852 1 -1879048189 33853 33852 
0
0
UMATELEM
0
1
14
-2147483647
48 1 16 5 0 1 0 -1 -1 33852 1 -1879048189 67705 33852 
0
0
0
8

0
2
0
2

1
1 
PART-1-1
14
-2147483647
48 1 16 5 0 1 0 -1 -1 34507 1 -1879048189 2 34507 
0
BOTTOM
0
1
0
1
PART-1-1
14
-2147483647
48 1 16 5 0 1 0 -1 -1 547 1 -1879048189 2 547 
0
BOTTOML
0
1
0
1
PART-1-1
1
2 
0
NOTCH_LOWER_FACE
0
1
0
1
PART-1-1
46
16959 16961 16963 16965 16967 16969 16971 16973 16975 16977 16979 16981 16983 16985 16987 16989 16991 16993 16995 16997 16999 17001 17003 17005 17007 17009 17011 17013 17015 17017 17019 17021 17023 17025 17027 17029 17031 17033 17035 17037 17039 17041 17043 17045 17047 17049 
0
NOTCH_UPPER_FACE
0
1
0
1
PART-1-1
46
16960 16962 16964 16966 16968 16970 16972 16974 16976 16978 16980 16982 16984 16986 16988 16990 16992 16994 16996 16998 17000 17002 17004 17006 17008 17010 17012 17014 17016 17018 17020 17022 17024 17026 17028 17030 17032 17034 17036 17038 17040 17042 17044 17046 17048 17050 
0
RP
0
1
1
1 
0
0
TOP
0
1
0
1
PART-1-1
14
-2147483647
48 1 16 5 0 1 0 -1 -1 547 1 -1879048189 33962 547 
0
TOPL
0
1
0
1
PART-1-1
1
33962 
0
2

1
 P       0
0
2
1
1 
0
0
0
PART-1-1
1
 P       1
0
2
14
-2147483647
48 1 16 5 0 1 0 -1 -1 34507 1 -1879048189 2 34507 
0
0
0
0
0
