Analysis initiated from SIMULIA established products
Abaqus JOB p3sm1r_serial
Abaqus 2023
Abaqus License Manager checked out the following licenses:
Abaqus/Standard checked out 5 tokens from Flexnet server license4.imfd.tu-freiberg.de.
<281 out of 300 licenses remain available>.
Begin Compiling Abaqus/Standard User Subroutines
Sat 25 Jul 2026 06:30:49 AM CEST
Intel(R) Fortran Intel(R) 64 Compiler Classic for applications running on Intel(R) 64, Version 2021.13.0 Build 20240602_000000
Copyright (C) 1985-2024 Intel Corporation.  All rights reserved.

ifort: remark #10448: Intel(R) Fortran Compiler Classic (ifort) is now deprecated and will be discontinued late 2024. Intel recommends that customers transition now to using the LLVM-based Intel(R) Fortran Compiler (ifx) for continued Windows* and Linux* support, new language support, new language features, and optimizations. Use '-diag-disable=10448' to disable this message.
ifort: command line warning #10434: option '-extend_source' use with underscore is deprecated; use '-extend-source' instead
 Intel(R) Fortran 2021.13.0-1693
p3sm1r_getrank_callback.for(4): remark #15009: uel_ has been targeted for automatic cpu dispatch
p3sm1r_getrank_callback.for(97): remark #15009: umat_ has been targeted for automatic cpu dispatch
End Compiling Abaqus/Standard User Subroutines
Begin Linking Abaqus/Standard User Subroutines
Intel(R) Fortran Intel(R) 64 Compiler Classic for applications running on Intel(R) 64, Version 2021.13.0 Build 20240602_000000
Copyright (C) 1985-2024 Intel Corporation.  All rights reserved.

ifort: remark #10448: Intel(R) Fortran Compiler Classic (ifort) is now deprecated and will be discontinued late 2024. Intel recommends that customers transition now to using the LLVM-based Intel(R) Fortran Compiler (ifx) for continued Windows* and Linux* support, new language support, new language features, and optimizations. Use '-diag-disable=10448' to disable this message.
GNU ld version 2.30-128.el8_10
End Linking Abaqus/Standard User Subroutines
Sat 25 Jul 2026 06:30:54 AM CEST
Begin Analysis Input File Processor
Sat 25 Jul 2026 06:30:54 AM CEST
Run pre
Sat 25 Jul 2026 06:30:56 AM CEST
End Analysis Input File Processor
Begin Abaqus/Standard Analysis
Sat 25 Jul 2026 06:30:56 AM CEST
Run standard
Sat 25 Jul 2026 06:30:57 AM CEST
End Abaqus/Standard Analysis
Begin SIM Wrap-up
Sat 25 Jul 2026 06:30:58 AM CEST
Run SMASimUtility
Sat 25 Jul 2026 06:30:58 AM CEST
End SIM Wrap-up
Abaqus JOB p3sm1r_serial COMPLETED
