 Abaqus/Standard 2023                  DATE 03-Aug-2026 TIME 11:29:16
 SUMMARY OF JOB INFORMATION:
 STEP  INC ATT SEVERE EQUIL TOTAL  TOTAL      STEP       INC OF       DOF    IF
               DISCON ITERS ITERS  TIME/    TIME/LPF    TIME/LPF    MONITOR RIKS
               ITERS               FREQ
   1     1   1     0     1     1  0.0200     0.0200     0.02000   
   1     2   1     0     1     1  0.0400     0.0400     0.02000   
   1     3   1     0     1     1  0.0600     0.0600     0.02000   
   1     4   1     0     1     1  0.0800     0.0800     0.02000   
   1     5   1     0     1     1  0.100      0.100      0.02000   
   1     6   1     0     1     1  0.120      0.120      0.02000   
   1     7   1     0     1     1  0.140      0.140      0.02000   
   1     8   1     0     1     1  0.160      0.160      0.02000   
   1     9   1     0     1     1  0.180      0.180      0.02000   
   1    10   1     0     1     1  0.200      0.200      0.02000   
   1    11   1     0     1     1  0.220      0.220      0.02000   
   1    12   1     0     1     1  0.240      0.240      0.02000   
   1    13   1     0     1     1  0.260      0.260      0.02000   
   1    14   1     0     1     1  0.280      0.280      0.02000   
   1    15   1     0     1     1  0.300      0.300      0.02000   
   1    16   1     0     1     1  0.320      0.320      0.02000   
   1    17   1     0     1     1  0.340      0.340      0.02000   
   1    18   1     0     1     1  0.360      0.360      0.02000   
   1    19   1     0     1     1  0.380      0.380      0.02000   
   1    20   1     0     1     1  0.400      0.400      0.02000   
   1    21   1     0     1     1  0.420      0.420      0.02000   
   1    22   1     0     1     1  0.440      0.440      0.02000   
   1    23   1     0     1     1  0.460      0.460      0.02000   
   1    24   1     0     1     1  0.480      0.480      0.02000   
   1    25   1     0     1     1  0.500      0.500      0.02000   
   1    26   1     0     1     1  0.520      0.520      0.02000   
   1    27   1     0     1     1  0.540      0.540      0.02000   
   1    28   1     0     1     1  0.560      0.560      0.02000   
   1    29   1     0     1     1  0.580      0.580      0.02000   
   1    30   1     0     1     1  0.600      0.600      0.02000   
   1    31   1     0     1     1  0.620      0.620      0.02000   
   1    32   1     0     1     1  0.640      0.640      0.02000   
   1    33   1     0     1     1  0.660      0.660      0.02000   
   1    34   1     0     1     1  0.680      0.680      0.02000   
   1    35   1     0     1     1  0.700      0.700      0.02000   
   1    36   1     0     2     2  0.720      0.720      0.02000   
   1    37   1     0     1     1  0.740      0.740      0.02000   
   1    38   1     0     2     2  0.760      0.760      0.02000   
   1    39   1     0     1     1  0.780      0.780      0.02000   
   1    40   1     0     2     2  0.800      0.800      0.02000   
   1    41   1     0     1     1  0.820      0.820      0.02000   
   1    42   1     0     2     2  0.840      0.840      0.02000   
   1    43   1     0     1     1  0.860      0.860      0.02000   
   1    44   1     0     2     2  0.880      0.880      0.02000   
   1    45   1     0     1     1  0.900      0.900      0.02000   
   1    46   1     0     2     2  0.920      0.920      0.02000   
   1    47   1     0     1     1  0.940      0.940      0.02000   
   1    48   1     0     2     2  0.960      0.960      0.02000   
   1    49   1     0     1     1  0.980      0.980      0.02000   
   1    50   1     0     2     2  1.00       1.00       0.02000   
   2     1   1     0     1     1  1.02       0.0200     0.02000   
   2     2   1     0     2     2  1.04       0.0400     0.02000   
   2     3   1     0     1     1  1.06       0.0600     0.02000   
   2     4   1U    0     1     1  1.06       0.0600     0.02000   
   2     4   2     0     2     2  1.07       0.0700     0.01000   
   2     5   1     0     1     1  1.08       0.0850     0.01500   
   2     6   1     0     2     2  1.10       0.105      0.02000   
   2     7   1     0     1     1  1.12       0.125      0.02000   
   2     8   1     0     1     1  1.15       0.145      0.02000   
   2     9   1     0     1     1  1.17       0.165      0.02000   
   2    10   1     0     1     1  1.19       0.185      0.02000   
   2    11   1     0     1     1  1.21       0.205      0.02000   
   2    12   1     0     1     1  1.23       0.225      0.02000   
   2    13   1     0     1     1  1.25       0.245      0.02000   
   2    14   1     0     1     1  1.27       0.265      0.02000   
   2    15   1     0     1     1  1.29       0.285      0.02000   
   2    16   1     0     1     1  1.31       0.305      0.02000   
   2    17   1     0     1     1  1.33       0.325      0.02000   
   2    18   1     0     1     1  1.35       0.345      0.02000   
   2    19   1     0     1     1  1.37       0.365      0.02000   
   2    20   1     0     1     1  1.39       0.385      0.02000   
   2    21   1     0     1     1  1.41       0.405      0.02000   
   2    22   1     0     1     1  1.43       0.425      0.02000   
   2    23   1     0     1     1  1.45       0.445      0.02000   
   2    24   1     0     1     1  1.47       0.465      0.02000   
   2    25   1     0     1     1  1.49       0.485      0.02000   
   2    26   1     0     2     2  1.51       0.505      0.02000   
   2    27   1     0     1     1  1.53       0.525      0.02000   
   2    28   1     0     1     1  1.55       0.545      0.02000   
   2    29   1     0     1     1  1.57       0.565      0.02000   
   2    30   1     0     1     1  1.59       0.585      0.02000   
   2    31   1     0     1     1  1.61       0.605      0.02000   
   2    32   1     0     1     1  1.63       0.625      0.02000   
   2    33   1     0     1     1  1.65       0.645      0.02000   
   2    34   1     0     1     1  1.67       0.665      0.02000   
   2    35   1     0     1     1  1.69       0.685      0.02000   
   2    36   1     0     3     3  1.71       0.705      0.02000   
   2    37   1     0     1     1  1.73       0.725      0.02000   
   2    38   1     0     2     2  1.75       0.745      0.02000   
   2    39   1     0     1     1  1.77       0.765      0.02000   
   2    40   1     0     2     2  1.79       0.785      0.02000   
   2    41   1     0     1     1  1.81       0.805      0.02000   
   2    42   1     0     2     2  1.83       0.825      0.02000   
   2    43   1     0     1     1  1.85       0.845      0.02000   
   2    44   1     0     2     2  1.87       0.865      0.02000   
   2    45   1     0     1     1  1.89       0.885      0.02000   
   2    46   1     0     2     2  1.91       0.905      0.02000   
   2    47   1     0     1     1  1.93       0.925      0.02000   
   2    48   1     0     2     2  1.95       0.945      0.02000   
   2    49   1     0     1     1  1.97       0.965      0.02000   
   2    50   1     0     2     2  1.99       0.985      0.02000   
   2    51   1     0     2     2  2.00       1.00       0.01500   
                          
 THE ANALYSIS HAS COMPLETED SUCCESSFULLY
