 Abaqus/Standard 2023                  DATE 03-Aug-2026 TIME 11:29:16
 SUMMARY OF JOB INFORMATION:
 STEP  INC ATT SEVERE EQUIL TOTAL  TOTAL      STEP       INC OF       DOF    IF
               DISCON ITERS ITERS  TIME/    TIME/LPF    TIME/LPF    MONITOR RIKS
               ITERS               FREQ
   1     1   1     0     1     1  0.0200     0.0200     0.02000   
   1     2   1     0     1     1  0.0400     0.0400     0.02000   
   1     3   1     0     1     1  0.0600     0.0600     0.02000   
   1     4   1     0     1     1  0.0800     0.0800     0.02000   
   1     5   1     0     1     1  0.100      0.100      0.02000   
   1     6   1     0     1     1  0.120      0.120      0.02000   
   1     7   1     0     1     1  0.140      0.140      0.02000   
   1     8   1     0     1     1  0.160      0.160      0.02000   
   1     9   1     0     1     1  0.180      0.180      0.02000   
   1    10   1     0     1     1  0.200      0.200      0.02000   
   1    11   1     0     1     1  0.220      0.220      0.02000   
   1    12   1     0     1     1  0.240      0.240      0.02000   
   1    13   1     0     1     1  0.260      0.260      0.02000   
   1    14   1     0     1     1  0.280      0.280      0.02000   
   1    15   1     0     1     1  0.300      0.300      0.02000   
   1    16   1     0     1     1  0.320      0.320      0.02000   
   1    17   1     0     1     1  0.340      0.340      0.02000   
   1    18   1     0     1     1  0.360      0.360      0.02000   
   1    19   1     0     1     1  0.380      0.380      0.02000   
   1    20   1     0     1     1  0.400      0.400      0.02000   
   1    21   1     0     1     1  0.420      0.420      0.02000   
   1    22   1     0     1     1  0.440      0.440      0.02000   
   1    23   1     0     1     1  0.460      0.460      0.02000   
   1    24   1     0     1     1  0.480      0.480      0.02000   
   1    25   1     0     1     1  0.500      0.500      0.02000   
   1    26   1     0     1     1  0.520      0.520      0.02000   
   1    27   1     0     1     1  0.540      0.540      0.02000   
   1    28   1     0     1     1  0.560      0.560      0.02000   
   1    29   1     0     1     1  0.580      0.580      0.02000   
   1    30   1     0     1     1  0.600      0.600      0.02000   
   1    31   1     0     1     1  0.620      0.620      0.02000   
   1    32   1     0     1     1  0.640      0.640      0.02000   
   1    33   1     0     1     1  0.660      0.660      0.02000   
   1    34   1     0     1     1  0.680      0.680      0.02000   
   1    35   1     0     1     1  0.700      0.700      0.02000   
   1    36   1     0     2     2  0.720      0.720      0.02000   
   1    37   1     0     1     1  0.740      0.740      0.02000   
   1    38   1     0     2     2  0.760      0.760      0.02000   
   1    39   1     0     1     1  0.780      0.780      0.02000   
   1    40   1     0     2     2  0.800      0.800      0.02000   
   1    41   1     0     1     1  0.820      0.820      0.02000   
   1    42   1     0     2     2  0.840      0.840      0.02000   
   1    43   1     0     1     1  0.860      0.860      0.02000   
   1    44   1     0     2     2  0.880      0.880      0.02000   
   1    45   1     0     1     1  0.900      0.900      0.02000   
   1    46   1     0     2     2  0.920      0.920      0.02000   
   1    47   1     0     1     1  0.940      0.940      0.02000   
   1    48   1     0     2     2  0.960      0.960      0.02000   
   1    49   1     0     1     1  0.980      0.980      0.02000   
   1    50   1     0     2     2  1.00       1.00       0.02000   
   2     1   1     0     1     1  1.02       0.0200     0.02000   
   2     2   1     0     2     2  1.04       0.0400     0.02000   
   2     3   1     0     1     1  1.06       0.0600     0.02000   
   2     4   1     0     2     2  1.08       0.0800     0.02000   
   2     5   1     0     1     1  1.10       0.100      0.02000   
   2     6   1     0     1     1  1.12       0.120      0.02000   
   2     7   1     0     1     1  1.14       0.140      0.02000   
   2     8   1     0     1     1  1.16       0.160      0.02000   
   2     9   1     0     1     1  1.18       0.180      0.02000   
   2    10   1     0     1     1  1.20       0.200      0.02000   
   2    11   1     0     1     1  1.22       0.220      0.02000   
   2    12   1     0     1     1  1.24       0.240      0.02000   
   2    13   1     0     1     1  1.26       0.260      0.02000   
   2    14   1     0     1     1  1.28       0.280      0.02000   
   2    15   1     0     1     1  1.30       0.300      0.02000   
   2    16   1     0     1     1  1.32       0.320      0.02000   
   2    17   1     0     1     1  1.34       0.340      0.02000   
   2    18   1     0     1     1  1.36       0.360      0.02000   
   2    19   1     0     1     1  1.38       0.380      0.02000   
   2    20   1     0     1     1  1.40       0.400      0.02000   
   2    21   1     0     1     1  1.42       0.420      0.02000   
   2    22   1     0     1     1  1.44       0.440      0.02000   
   2    23   1     0     1     1  1.46       0.460      0.02000   
   2    24   1     0     1     1  1.48       0.480      0.02000   
   2    25   1     0     1     1  1.50       0.500      0.02000   
   2    26   1     0     2     2  1.52       0.520      0.02000   
   2    27   1     0     1     1  1.54       0.540      0.02000   
   2    28   1     0     1     1  1.56       0.560      0.02000   
   2    29   1     0     1     1  1.58       0.580      0.02000   
   2    30   1     0     1     1  1.60       0.600      0.02000   
   2    31   1     0     1     1  1.62       0.620      0.02000   
   2    32   1     0     1     1  1.64       0.640      0.02000   
   2    33   1     0     1     1  1.66       0.660      0.02000   
   2    34   1     0     1     1  1.68       0.680      0.02000   
   2    35   1     0     3     3  1.70       0.700      0.02000   
   2    36   1     0     1     1  1.72       0.720      0.02000   
   2    37   1     0     2     2  1.74       0.740      0.02000   
   2    38   1     0     1     1  1.76       0.760      0.02000   
   2    39   1     0     2     2  1.78       0.780      0.02000   
   2    40   1     0     1     1  1.80       0.800      0.02000   
   2    41   1     0     2     2  1.82       0.820      0.02000   
   2    42   1     0     1     1  1.84       0.840      0.02000   
   2    43   1     0     2     2  1.86       0.860      0.02000   
   2    44   1     0     1     1  1.88       0.880      0.02000   
   2    45   1     0     2     2  1.90       0.900      0.02000   
   2    46   1     0     1     1  1.92       0.920      0.02000   
   2    47   1     0     2     2  1.94       0.940      0.02000   
   2    48   1     0     1     1  1.96       0.960      0.02000   
   2    49   1     0     2     2  1.98       0.980      0.02000   
   2    50   1     0     2     2  2.00       1.00       0.02000   
                          
 THE ANALYSIS HAS COMPLETED SUCCESSFULLY
